// Jest Snapshot v1, https://goo.gl/fbAQLP

exports[`matches snapshot 1`] = `
<DocumentFragment>
  <div
    class="App"
  >
    <div>
      <form>
        <label
          for="width"
        >
          Width
        </label>
        <input
          id="width"
          name="width"
          placeholder="Box Width"
          type="number"
          value=""
        />
        <label
          for="height"
        >
          Height
        </label>
        <input
          id="height"
          name="height"
          placeholder="Box Height"
          type="number"
          value=""
        />
        <label
          for="color"
        >
          Color
        </label>
        <input
          id="color"
          name="color"
          placeholder="Box Color"
          type="text"
          value=""
        />
        <button>
          Add Box
        </button>
      </form>
    </div>
    <div>
      <h1>
        Current Todos
      </h1>
      <ul />
      <form>
        <label
          for="task"
        >
          Task
        </label>
        <input
          id="task"
          name="task"
          placeholder="Todo Task"
          type="text"
          value=""
        />
        <button>
          Add Todo
        </button>
      </form>
    </div>
  </div>
</DocumentFragment>
`;
